// Jest Snapshot v1, https://goo.gl/fbAQLP

exports[`as expected snapshot 1 1`] = `
<div
  className="comp-container"
>
  <div
    className="section-cover"
  >
    <div
      className="section-cover__header"
    >
      <div
        className="comp-header"
      >
        <img
          alt="logo"
          src="logo.png"
        />
        <span>
          For You & Family
        </span>
        <span>
          For Business
        </span>
      </div>
    </div>
    <div
      className="section-cover__greeting"
    >
      <span
        className="section-cover__greeting-subtitle"
      >
        hello, we are fincorp
      </span>
      <span
        className="section-cover__greeting-title"
      >
        Insurance 
        <br />
        made easy.
      </span>
      <div>
        <button
          className="comp-button-main"
          type="button"
        >
          Get your free Quote
        </button>
      </div>
    </div>
    <div
      className="section-cover__title"
    >
      <span
        className="section-cover__title__main"
      >
        A new take on insurance
      </span>
      <span
        className="section-cover__title__sub"
      >
        Great for individuals and business
      </span>
    </div>
  </div>
</div>
`;
